    libdis_test:     66 f3 0f bd d8     lzcntw %ax,%bx
    libdis_test+0x5: f3 0f bd d8        lzcntl %eax,%ebx
    libdis_test+0x9: f3 0f bd 18        lzcntl (%eax),%ebx
