    libdis_test:     66 f3 0f b8 d8     popcntw %ax,%bx
    libdis_test+0x5: f3 0f b8 d8        popcntl %eax,%ebx
    libdis_test+0x9: f3 0f b8 18        popcntl (%eax),%ebx
