    libdis_test:       c5 f8 28 c8        vmovaps %xmm0,%xmm1
    libdis_test+0x4:   c5 f8 28 da        vmovaps %xmm2,%xmm3
    libdis_test+0x8:   c5 f8 28 ec        vmovaps %xmm4,%xmm5
    libdis_test+0xc:   c5 f8 28 fe        vmovaps %xmm6,%xmm7
    libdis_test+0x10:  c4 41 78 28 c8     vmovaps %xmm8,%xmm9
    libdis_test+0x15:  c4 41 78 28 da     vmovaps %xmm10,%xmm11
    libdis_test+0x1a:  c4 41 78 28 ec     vmovaps %xmm12,%xmm13
    libdis_test+0x1f:  c4 41 78 28 fe     vmovaps %xmm14,%xmm15
    libdis_test+0x24:  62 a1 7c 08 28 c8  vmovaps %xmm16,%xmm17
    libdis_test+0x2a:  62 a1 7c 08 28 da  vmovaps %xmm18,%xmm19
    libdis_test+0x30:  62 a1 7c 08 28 ec  vmovaps %xmm20,%xmm21
    libdis_test+0x36:  62 a1 7c 08 28 fe  vmovaps %xmm22,%xmm23
    libdis_test+0x3c:  62 01 7c 08 28 c8  vmovaps %xmm24,%xmm25
    libdis_test+0x42:  62 01 7c 08 28 da  vmovaps %xmm26,%xmm27
    libdis_test+0x48:  62 01 7c 08 28 ec  vmovaps %xmm28,%xmm29
    libdis_test+0x4e:  62 01 7c 08 28 fe  vmovaps %xmm30,%xmm31
    libdis_test+0x54:  c5 fc 28 c8        vmovaps %ymm0,%ymm1
    libdis_test+0x58:  c5 fc 28 da        vmovaps %ymm2,%ymm3
    libdis_test+0x5c:  c5 fc 28 ec        vmovaps %ymm4,%ymm5
    libdis_test+0x60:  c5 fc 28 fe        vmovaps %ymm6,%ymm7
    libdis_test+0x64:  c4 41 7c 28 c8     vmovaps %ymm8,%ymm9
    libdis_test+0x69:  c4 41 7c 28 da     vmovaps %ymm10,%ymm11
    libdis_test+0x6e:  c4 41 7c 28 ec     vmovaps %ymm12,%ymm13
    libdis_test+0x73:  c4 41 7c 28 fe     vmovaps %ymm14,%ymm15
    libdis_test+0x78:  62 a1 7c 28 28 c8  vmovaps %ymm16,%ymm17
    libdis_test+0x7e:  62 a1 7c 28 28 da  vmovaps %ymm18,%ymm19
    libdis_test+0x84:  62 a1 7c 28 28 ec  vmovaps %ymm20,%ymm21
    libdis_test+0x8a:  62 a1 7c 28 28 fe  vmovaps %ymm22,%ymm23
    libdis_test+0x90:  62 01 7c 28 28 c8  vmovaps %ymm24,%ymm25
    libdis_test+0x96:  62 01 7c 28 28 da  vmovaps %ymm26,%ymm27
    libdis_test+0x9c:  62 01 7c 28 28 ec  vmovaps %ymm28,%ymm29
    libdis_test+0xa2:  62 01 7c 28 28 fe  vmovaps %ymm30,%ymm31
    libdis_test+0xa8:  62 f1 7c 48 28 c8  vmovaps %zmm0,%zmm1
    libdis_test+0xae:  62 f1 7c 48 28 da  vmovaps %zmm2,%zmm3
    libdis_test+0xb4:  62 f1 7c 48 28 ec  vmovaps %zmm4,%zmm5
    libdis_test+0xba:  62 f1 7c 48 28 fe  vmovaps %zmm6,%zmm7
    libdis_test+0xc0:  62 51 7c 48 28 c8  vmovaps %zmm8,%zmm9
    libdis_test+0xc6:  62 51 7c 48 28 da  vmovaps %zmm10,%zmm11
    libdis_test+0xcc:  62 51 7c 48 28 ec  vmovaps %zmm12,%zmm13
    libdis_test+0xd2:  62 51 7c 48 28 fe  vmovaps %zmm14,%zmm15
    libdis_test+0xd8:  62 a1 7c 48 28 c8  vmovaps %zmm16,%zmm17
    libdis_test+0xde:  62 a1 7c 48 28 da  vmovaps %zmm18,%zmm19
    libdis_test+0xe4:  62 a1 7c 48 28 ec  vmovaps %zmm20,%zmm21
    libdis_test+0xea:  62 a1 7c 48 28 fe  vmovaps %zmm22,%zmm23
    libdis_test+0xf0:  62 01 7c 48 28 c8  vmovaps %zmm24,%zmm25
    libdis_test+0xf6:  62 01 7c 48 28 da  vmovaps %zmm26,%zmm27
    libdis_test+0xfc:  62 01 7c 48 28 ec  vmovaps %zmm28,%zmm29
    libdis_test+0x102: 62 01 7c 48 28 fe  vmovaps %zmm30,%zmm31
    libdis_test+0x108: 62 61 7c 48 29 84  vmovaps %zmm24,0x8(%rsp)
                       24 08 00 00 00 
    libdis_test+0x113: 62 61 7c 48 28 bc  vmovaps 0x8(%rsp),%zmm31
                       24 08 00 00 00 
    libdis_test+0x11e: 62 c1 7c c9 28 cd  vmovaps %zmm13,%zmm17{%k1}{z}
    libdis_test+0x124: 62 21 7c 4f 28 c0  vmovaps %zmm16,%zmm24{%k7}
    libdis_test+0x12a: 62 01 7c c8 28 ec  vmovaps %zmm28,%zmm29{z}
    libdis_test+0x130: 62 21 7c 08 28 c8  vmovaps %xmm16,%xmm25
    libdis_test+0x136: 62 e1 7c 8b 28 e7  vmovaps %xmm7,%xmm20{%k3}{z}
    libdis_test+0x13c: 62 e1 7c 28 28 c1  vmovaps %ymm1,%ymm16
    libdis_test+0x142: 62 21 7c 2d 28 f3  vmovaps %ymm19,%ymm30{%k5}
    libdis_test+0x148: 62 f1 fd 48 28 fa  vmovapd %zmm2,%zmm7
    libdis_test+0x14e: 62 21 fd 08 28 c8  vmovapd %xmm16,%xmm25
    libdis_test+0x154: 62 21 fd 28 28 e8  vmovapd %ymm16,%ymm29
    libdis_test+0x15a: 62 f1 7c 48 11 bd  vmovups %zmm7,0x20(%rbp)
                       20 00 00 00 
    libdis_test+0x164: 62 e1 7c 48 10 8c  vmovups 0x8(%rsp),%zmm17
                       24 08 00 00 00 
    libdis_test+0x16f: 62 e1 7c c8 10 38  vmovups (%rax),%zmm23{z}
    libdis_test+0x175: 62 21 7c 08 10 c8  vmovups %xmm16,%xmm25
    libdis_test+0x17b: 62 21 7c 28 10 e8  vmovups %ymm16,%ymm29
    libdis_test+0x181: 62 41 fd 4a 10 3a  vmovupd (%r10),%zmm31{%k2}
    libdis_test+0x187: 62 c1 fd 48 11 03  vmovupd %zmm16,(%r11)
    libdis_test+0x18d: 62 21 fd 08 10 c8  vmovupd %xmm16,%xmm25
    libdis_test+0x193: 62 21 fd 28 10 e8  vmovupd %ymm16,%ymm29
    libdis_test+0x199: 62 61 7c 48 29 0c  vmovaps %zmm25,(%rsp)
                       24 
    libdis_test+0x1a0: 62 61 7c 48 29 8c  vmovaps %zmm25,0x20(%rsp)
                       24 20 00 00 00 
    libdis_test+0x1ab: 62 61 7c 48 29 44  vmovaps %zmm24,0x40(%rsp)
                       24 01 
    libdis_test+0x1b3: 62 61 7c 48 29 84  vmovaps %zmm24,0x60(%rsp)
                       24 60 00 00 00 
    libdis_test+0x1be: 62 61 7c 48 29 44  vmovaps %zmm24,0x80(%rsp)
                       24 02 
    libdis_test+0x1c6: 62 61 7c 48 29 44  vmovaps %zmm24,-0x80(%rsp)
                       24 fe 
    libdis_test+0x1ce: 62 61 7c 48 29 84  vmovaps %zmm24,-0x20(%rsp)
                       24 e0 ff ff ff 
    libdis_test+0x1d9: 62 61 7c 28 29 84  vmovaps %ymm24,0x10(%rsp)
                       24 10 00 00 00 
    libdis_test+0x1e4: 62 61 7c 28 29 44  vmovaps %ymm24,0x20(%rsp)
                       24 01 
    libdis_test+0x1ec: 62 61 7c 28 29 44  vmovaps %ymm24,0x40(%rsp)
                       24 02 
    libdis_test+0x1f4: 62 61 7c 08 29 84  vmovaps %xmm24,0x8(%rsp)
                       24 08 00 00 00 
    libdis_test+0x1ff: 62 61 7c 08 29 44  vmovaps %xmm24,0x10(%rsp)
                       24 01 
    libdis_test+0x207: 62 61 7c 08 29 44  vmovaps %xmm24,0x20(%rsp)
                       24 02 
    libdis_test+0x20f: 62 61 7c 48 28 0c  vmovaps (%rsp),%zmm25
                       24 
    libdis_test+0x216: 62 61 7c 48 28 8c  vmovaps 0x20(%rsp),%zmm25
                       24 20 00 00 00 
    libdis_test+0x221: 62 61 7c 48 28 4c  vmovaps 0x40(%rsp),%zmm25
                       24 01 
    libdis_test+0x229: 62 61 7c 48 28 8c  vmovaps 0x60(%rsp),%zmm25
                       24 60 00 00 00 
    libdis_test+0x234: 62 61 7c 48 28 4c  vmovaps 0x80(%rsp),%zmm25
                       24 02 
    libdis_test+0x23c: 62 61 7c 48 28 4c  vmovaps -0x80(%rsp),%zmm25
                       24 fe 
    libdis_test+0x244: 62 61 7c 48 28 8c  vmovaps -0x20(%rsp),%zmm25
                       24 e0 ff ff ff 
    libdis_test+0x24f: 62 61 7c 28 28 8c  vmovaps 0x10(%rsp),%ymm25
                       24 10 00 00 00 
    libdis_test+0x25a: 62 61 7c 28 28 4c  vmovaps 0x20(%rsp),%ymm25
                       24 01 
    libdis_test+0x262: 62 61 7c 28 28 4c  vmovaps 0x40(%rsp),%ymm25
                       24 02 
    libdis_test+0x26a: 62 61 7c 08 28 8c  vmovaps 0x8(%rsp),%xmm25
                       24 08 00 00 00 
    libdis_test+0x275: 62 61 7c 08 28 4c  vmovaps 0x10(%rsp),%xmm25
                       24 01 
    libdis_test+0x27d: 62 61 7c 08 28 4c  vmovaps 0x20(%rsp),%xmm25
                       24 02 
    libdis_test+0x285: 62 f1 7d 48 7f 74  vmovdqa32 %zmm6,0x100(%rsp)
                       24 04 
    libdis_test+0x28d: 62 61 7d 28 7f 54  vmovdqa32 %ymm26,0x100(%rsp)
                       24 08 
    libdis_test+0x295: 62 e1 7d 08 7f 44  vmovdqa32 %xmm16,0x100(%rsp)
                       24 10 
    libdis_test+0x29d: 62 f1 7d 48 6f 31  vmovdqa32 (%rcx),%zmm6
    libdis_test+0x2a3: 62 61 7d 28 6f 11  vmovdqa32 (%rcx),%ymm26
    libdis_test+0x2a9: 62 e1 7d 08 6f 01  vmovdqa32 (%rcx),%xmm16
    libdis_test+0x2af: 62 e1 fd 48 7f 44  vmovdqa64 %zmm16,0x100(%rsp)
                       24 04 
    libdis_test+0x2b7: 62 61 fd 28 7f 54  vmovdqa64 %ymm26,0x100(%rsp)
                       24 08 
    libdis_test+0x2bf: 62 e1 fd 08 7f 44  vmovdqa64 %xmm16,0x100(%rsp)
                       24 10 
    libdis_test+0x2c7: 62 e1 fd 48 6f 44  vmovdqa64 0x800(%rsp),%zmm16
                       24 20 
    libdis_test+0x2cf: 62 61 fd 28 6f 54  vmovdqa64 0x800(%rsp),%ymm26
                       24 40 
    libdis_test+0x2d7: 62 e1 fd 08 6f 84  vmovdqa64 0x800(%rsp),%xmm16
                       24 00 08 00 00 
    libdis_test+0x2e2: 62 e1 7f 48 7f 24  vmovdqu8 %zmm20,(%rsp)
                       24 
    libdis_test+0x2e9: 62 e1 ff 48 7f 24  vmovdqu16 %zmm20,(%rsp)
                       24 
    libdis_test+0x2f0: 62 e1 7e 48 7f 24  vmovdqu32 %zmm20,(%rsp)
                       24 
    libdis_test+0x2f7: 62 e1 fe 48 7f 24  vmovdqu64 %zmm20,(%rsp)
                       24 
    libdis_test+0x2fe: 62 e1 7f 48 6f 24  vmovdqu8 (%rsp),%zmm20
                       24 
    libdis_test+0x305: 62 e1 ff 48 6f 24  vmovdqu16 (%rsp),%zmm20
                       24 
    libdis_test+0x30c: 62 e1 7e 48 6f 24  vmovdqu32 (%rsp),%zmm20
                       24 
    libdis_test+0x313: 62 e1 fe 48 6f 24  vmovdqu64 (%rsp),%zmm20
                       24 
    libdis_test+0x31a: 62 f1 f5 88 55 d0  vandnpd %xmm0,%xmm1,%xmm2{z}
    libdis_test+0x320: 62 f1 e5 88 55 20  vandnpd (%rax),%xmm3,%xmm4{z}
    libdis_test+0x326: 62 f1 d5 88 55 b1  vandnpd 0x42(%rcx),%xmm5,%xmm6{z}
                       42 00 00 00 
    libdis_test+0x330: 62 f1 f5 a8 55 d0  vandnpd %ymm0,%ymm1,%ymm2{z}
    libdis_test+0x336: 62 f1 e5 a8 55 23  vandnpd (%rbx),%ymm3,%ymm4{z}
    libdis_test+0x33c: 62 f1 d5 a8 55 b2  vandnpd 0x42(%rdx),%ymm5,%ymm6{z}
                       42 00 00 00 
    libdis_test+0x346: 62 f1 f5 48 55 d0  vandnpd %zmm0,%zmm1,%zmm2
    libdis_test+0x34c: 62 f1 e5 48 55 23  vandnpd (%rbx),%zmm3,%zmm4
    libdis_test+0x352: 62 f1 d5 48 55 b2  vandnpd 0x42(%rdx),%zmm5,%zmm6
                       42 00 00 00 
    libdis_test+0x35c: 62 f1 74 88 55 d0  vandnps %xmm0,%xmm1,%xmm2{z}
    libdis_test+0x362: 62 f1 64 88 55 20  vandnps (%rax),%xmm3,%xmm4{z}
    libdis_test+0x368: 62 f1 54 88 55 b1  vandnps 0x42(%rcx),%xmm5,%xmm6{z}
                       42 00 00 00 
    libdis_test+0x372: 62 f1 74 a8 55 d0  vandnps %ymm0,%ymm1,%ymm2{z}
    libdis_test+0x378: 62 f1 64 a8 55 23  vandnps (%rbx),%ymm3,%ymm4{z}
    libdis_test+0x37e: 62 f1 54 a8 55 b2  vandnps 0x42(%rdx),%ymm5,%ymm6{z}
                       42 00 00 00 
    libdis_test+0x388: 62 f1 74 48 55 d0  vandnps %zmm0,%zmm1,%zmm2
    libdis_test+0x38e: 62 f1 64 48 55 23  vandnps (%rbx),%zmm3,%zmm4
    libdis_test+0x394: 62 f1 54 48 55 b2  vandnps 0x42(%rdx),%zmm5,%zmm6
                       42 00 00 00 
    libdis_test+0x39e: 62 f1 f5 88 54 d0  vandpd %xmm0,%xmm1,%xmm2{z}
    libdis_test+0x3a4: 62 f1 e5 88 54 20  vandpd (%rax),%xmm3,%xmm4{z}
    libdis_test+0x3aa: 62 f1 d5 88 54 b1  vandpd 0x42(%rcx),%xmm5,%xmm6{z}
                       42 00 00 00 
    libdis_test+0x3b4: 62 f1 f5 a8 54 d0  vandpd %ymm0,%ymm1,%ymm2{z}
    libdis_test+0x3ba: 62 f1 e5 a8 54 23  vandpd (%rbx),%ymm3,%ymm4{z}
    libdis_test+0x3c0: 62 f1 d5 a8 54 b2  vandpd 0x42(%rdx),%ymm5,%ymm6{z}
                       42 00 00 00 
    libdis_test+0x3ca: 62 f1 f5 48 54 d0  vandpd %zmm0,%zmm1,%zmm2
    libdis_test+0x3d0: 62 f1 e5 48 54 23  vandpd (%rbx),%zmm3,%zmm4
    libdis_test+0x3d6: 62 f1 d5 48 54 b2  vandpd 0x42(%rdx),%zmm5,%zmm6
                       42 00 00 00 
    libdis_test+0x3e0: 62 f1 74 88 54 d0  vandps %xmm0,%xmm1,%xmm2{z}
    libdis_test+0x3e6: 62 f1 64 88 54 20  vandps (%rax),%xmm3,%xmm4{z}
    libdis_test+0x3ec: 62 f1 54 88 54 b1  vandps 0x42(%rcx),%xmm5,%xmm6{z}
                       42 00 00 00 
    libdis_test+0x3f6: 62 f1 74 a8 54 d0  vandps %ymm0,%ymm1,%ymm2{z}
    libdis_test+0x3fc: 62 f1 64 a8 54 23  vandps (%rbx),%ymm3,%ymm4{z}
    libdis_test+0x402: 62 f1 54 a8 54 b2  vandps 0x42(%rdx),%ymm5,%ymm6{z}
                       42 00 00 00 
    libdis_test+0x40c: 62 f1 74 48 54 d0  vandps %zmm0,%zmm1,%zmm2
    libdis_test+0x412: 62 f1 64 48 54 23  vandps (%rbx),%zmm3,%zmm4
    libdis_test+0x418: 62 f1 54 48 54 b2  vandps 0x42(%rdx),%zmm5,%zmm6
                       42 00 00 00 
    libdis_test+0x422: 62 f1 75 08 db d0  vpandd %xmm0,%xmm1,%xmm2
    libdis_test+0x428: 62 f1 65 08 db 20  vpandd (%rax),%xmm3,%xmm4
    libdis_test+0x42e: 62 f1 55 08 db b1  vpandd 0x42(%rcx),%xmm5,%xmm6
                       42 00 00 00 
    libdis_test+0x438: 62 f1 75 28 db d0  vpandd %ymm0,%ymm1,%ymm2
    libdis_test+0x43e: 62 f1 65 28 db 23  vpandd (%rbx),%ymm3,%ymm4
    libdis_test+0x444: 62 f1 55 28 db b2  vpandd 0x42(%rdx),%ymm5,%ymm6
                       42 00 00 00 
    libdis_test+0x44e: 62 f1 75 48 db d0  vpandd %zmm0,%zmm1,%zmm2
    libdis_test+0x454: 62 f1 65 48 db 23  vpandd (%rbx),%zmm3,%zmm4
    libdis_test+0x45a: 62 f1 55 48 db b2  vpandd 0x42(%rdx),%zmm5,%zmm6
                       42 00 00 00 
    libdis_test+0x464: 62 f1 f5 08 db d0  vpandq %xmm0,%xmm1,%xmm2
    libdis_test+0x46a: 62 f1 e5 08 db 20  vpandq (%rax),%xmm3,%xmm4
    libdis_test+0x470: 62 f1 d5 08 db b1  vpandq 0x42(%rcx),%xmm5,%xmm6
                       42 00 00 00 
    libdis_test+0x47a: 62 f1 f5 28 db d0  vpandq %ymm0,%ymm1,%ymm2
    libdis_test+0x480: 62 f1 e5 28 db 23  vpandq (%rbx),%ymm3,%ymm4
    libdis_test+0x486: 62 f1 d5 28 db b2  vpandq 0x42(%rdx),%ymm5,%ymm6
                       42 00 00 00 
    libdis_test+0x490: 62 f1 f5 48 db d0  vpandq %zmm0,%zmm1,%zmm2
    libdis_test+0x496: 62 f1 e5 48 db 23  vpandq (%rbx),%zmm3,%zmm4
    libdis_test+0x49c: 62 f1 d5 48 db b2  vpandq 0x42(%rdx),%zmm5,%zmm6
                       42 00 00 00 
    libdis_test+0x4a6: 62 f1 75 08 df d0  vpandnd %xmm0,%xmm1,%xmm2
    libdis_test+0x4ac: 62 f1 65 08 df 20  vpandnd (%rax),%xmm3,%xmm4
    libdis_test+0x4b2: 62 f1 55 08 df b1  vpandnd 0x42(%rcx),%xmm5,%xmm6
                       42 00 00 00 
    libdis_test+0x4bc: 62 f1 75 28 df d0  vpandnd %ymm0,%ymm1,%ymm2
    libdis_test+0x4c2: 62 f1 65 28 df 23  vpandnd (%rbx),%ymm3,%ymm4
    libdis_test+0x4c8: 62 f1 55 28 df b2  vpandnd 0x42(%rdx),%ymm5,%ymm6
                       42 00 00 00 
    libdis_test+0x4d2: 62 f1 75 48 df d0  vpandnd %zmm0,%zmm1,%zmm2
    libdis_test+0x4d8: 62 f1 65 48 df 23  vpandnd (%rbx),%zmm3,%zmm4
    libdis_test+0x4de: 62 f1 55 48 df b2  vpandnd 0x42(%rdx),%zmm5,%zmm6
                       42 00 00 00 
    libdis_test+0x4e8: 62 f1 f5 08 df d0  vpandnq %xmm0,%xmm1,%xmm2
    libdis_test+0x4ee: 62 f1 e5 08 df 20  vpandnq (%rax),%xmm3,%xmm4
    libdis_test+0x4f4: 62 f1 d5 08 df b1  vpandnq 0x42(%rcx),%xmm5,%xmm6
                       42 00 00 00 
    libdis_test+0x4fe: 62 f1 f5 28 df d0  vpandnq %ymm0,%ymm1,%ymm2
    libdis_test+0x504: 62 f1 e5 28 df 23  vpandnq (%rbx),%ymm3,%ymm4
    libdis_test+0x50a: 62 f1 d5 28 df b2  vpandnq 0x42(%rdx),%ymm5,%ymm6
                       42 00 00 00 
    libdis_test+0x514: 62 f1 f5 48 df d0  vpandnq %zmm0,%zmm1,%zmm2
    libdis_test+0x51a: 62 f1 e5 48 df 23  vpandnq (%rbx),%zmm3,%zmm4
    libdis_test+0x520: 62 f1 d5 48 df b2  vpandnq 0x42(%rdx),%zmm5,%zmm6
                       42 00 00 00 
    libdis_test+0x52a: 62 f1 f5 88 56 d0  vorpd  %xmm0,%xmm1,%xmm2{z}
    libdis_test+0x530: 62 f1 e5 88 56 20  vorpd  (%rax),%xmm3,%xmm4{z}
    libdis_test+0x536: 62 f1 d5 88 56 b1  vorpd  0x42(%rcx),%xmm5,%xmm6{z}
                       42 00 00 00 
    libdis_test+0x540: 62 f1 f5 a8 56 d0  vorpd  %ymm0,%ymm1,%ymm2{z}
    libdis_test+0x546: 62 f1 e5 a8 56 23  vorpd  (%rbx),%ymm3,%ymm4{z}
    libdis_test+0x54c: 62 f1 d5 a8 56 b2  vorpd  0x42(%rdx),%ymm5,%ymm6{z}
                       42 00 00 00 
    libdis_test+0x556: 62 f1 f5 48 56 d0  vorpd  %zmm0,%zmm1,%zmm2
    libdis_test+0x55c: 62 f1 e5 48 56 20  vorpd  (%rax),%zmm3,%zmm4
    libdis_test+0x562: 62 f1 d5 48 56 b1  vorpd  0x42(%rcx),%zmm5,%zmm6
                       42 00 00 00 
    libdis_test+0x56c: 62 f1 74 88 56 d0  vorps  %xmm0,%xmm1,%xmm2{z}
    libdis_test+0x572: 62 f1 64 88 56 20  vorps  (%rax),%xmm3,%xmm4{z}
    libdis_test+0x578: 62 f1 54 88 56 b1  vorps  0x42(%rcx),%xmm5,%xmm6{z}
                       42 00 00 00 
    libdis_test+0x582: 62 f1 74 a8 56 d0  vorps  %ymm0,%ymm1,%ymm2{z}
    libdis_test+0x588: 62 f1 64 a8 56 23  vorps  (%rbx),%ymm3,%ymm4{z}
    libdis_test+0x58e: 62 f1 54 a8 56 b2  vorps  0x42(%rdx),%ymm5,%ymm6{z}
                       42 00 00 00 
    libdis_test+0x598: 62 f1 74 48 56 d0  vorps  %zmm0,%zmm1,%zmm2
    libdis_test+0x59e: 62 f1 64 48 56 20  vorps  (%rax),%zmm3,%zmm4
    libdis_test+0x5a4: 62 f1 54 48 56 b1  vorps  0x42(%rcx),%zmm5,%zmm6
                       42 00 00 00 
    libdis_test+0x5ae: 62 f1 75 08 eb d0  vpord  %xmm0,%xmm1,%xmm2
    libdis_test+0x5b4: 62 f1 65 08 eb 20  vpord  (%rax),%xmm3,%xmm4
    libdis_test+0x5ba: 62 f1 55 08 eb b1  vpord  0x42(%rcx),%xmm5,%xmm6
                       42 00 00 00 
    libdis_test+0x5c4: 62 f1 75 28 eb d0  vpord  %ymm0,%ymm1,%ymm2
    libdis_test+0x5ca: 62 f1 65 28 eb 23  vpord  (%rbx),%ymm3,%ymm4
    libdis_test+0x5d0: 62 f1 55 28 eb b2  vpord  0x42(%rdx),%ymm5,%ymm6
                       42 00 00 00 
    libdis_test+0x5da: 62 f1 75 48 eb d0  vpord  %zmm0,%zmm1,%zmm2
    libdis_test+0x5e0: 62 f1 65 48 eb 20  vpord  (%rax),%zmm3,%zmm4
    libdis_test+0x5e6: 62 f1 55 48 eb b1  vpord  0x42(%rcx),%zmm5,%zmm6
                       42 00 00 00 
    libdis_test+0x5f0: 62 f1 f5 08 eb d0  vporq  %xmm0,%xmm1,%xmm2
    libdis_test+0x5f6: 62 f1 e5 08 eb 20  vporq  (%rax),%xmm3,%xmm4
    libdis_test+0x5fc: 62 f1 d5 08 eb b1  vporq  0x42(%rcx),%xmm5,%xmm6
                       42 00 00 00 
    libdis_test+0x606: 62 f1 f5 28 eb d0  vporq  %ymm0,%ymm1,%ymm2
    libdis_test+0x60c: 62 f1 e5 28 eb 23  vporq  (%rbx),%ymm3,%ymm4
    libdis_test+0x612: 62 f1 d5 28 eb b2  vporq  0x42(%rdx),%ymm5,%ymm6
                       42 00 00 00 
    libdis_test+0x61c: 62 f1 f5 48 eb d0  vporq  %zmm0,%zmm1,%zmm2
    libdis_test+0x622: 62 f1 e5 48 eb 20  vporq  (%rax),%zmm3,%zmm4
    libdis_test+0x628: 62 f1 d5 48 eb b1  vporq  0x42(%rcx),%zmm5,%zmm6
                       42 00 00 00 
    libdis_test+0x632: 62 f1 75 08 ef d0  vpxord %xmm0,%xmm1,%xmm2
    libdis_test+0x638: 62 f1 65 08 ef 20  vpxord (%rax),%xmm3,%xmm4
    libdis_test+0x63e: 62 f1 55 08 ef b1  vpxord 0x42(%rcx),%xmm5,%xmm6
                       42 00 00 00 
    libdis_test+0x648: 62 f1 75 28 ef d0  vpxord %ymm0,%ymm1,%ymm2
    libdis_test+0x64e: 62 f1 65 28 ef 23  vpxord (%rbx),%ymm3,%ymm4
    libdis_test+0x654: 62 f1 55 28 ef b2  vpxord 0x42(%rdx),%ymm5,%ymm6
                       42 00 00 00 
    libdis_test+0x65e: 62 f1 75 48 ef d0  vpxord %zmm0,%zmm1,%zmm2
    libdis_test+0x664: 62 f1 65 48 ef 20  vpxord (%rax),%zmm3,%zmm4
    libdis_test+0x66a: 62 f1 55 48 ef b1  vpxord 0x42(%rcx),%zmm5,%zmm6
                       42 00 00 00 
    libdis_test+0x674: 62 f1 f5 08 ef d0  vpxorq %xmm0,%xmm1,%xmm2
    libdis_test+0x67a: 62 f1 e5 08 ef 20  vpxorq (%rax),%xmm3,%xmm4
    libdis_test+0x680: 62 f1 d5 08 ef b1  vpxorq 0x42(%rcx),%xmm5,%xmm6
                       42 00 00 00 
    libdis_test+0x68a: 62 f1 f5 28 ef d0  vpxorq %ymm0,%ymm1,%ymm2
    libdis_test+0x690: 62 f1 e5 28 ef 23  vpxorq (%rbx),%ymm3,%ymm4
    libdis_test+0x696: 62 f1 d5 28 ef b2  vpxorq 0x42(%rdx),%ymm5,%ymm6
                       42 00 00 00 
    libdis_test+0x6a0: 62 f1 f5 48 ef d0  vpxorq %zmm0,%zmm1,%zmm2
    libdis_test+0x6a6: 62 f1 e5 48 ef 20  vpxorq (%rax),%zmm3,%zmm4
    libdis_test+0x6ac: 62 f1 d5 48 ef b1  vpxorq 0x42(%rcx),%zmm5,%zmm6
                       42 00 00 00 
    libdis_test+0x6b6: 62 f1 f5 88 57 d0  vxorpd %xmm0,%xmm1,%xmm2{z}
    libdis_test+0x6bc: 62 f1 e5 88 57 20  vxorpd (%rax),%xmm3,%xmm4{z}
    libdis_test+0x6c2: 62 f1 d5 88 57 b1  vxorpd 0x42(%rcx),%xmm5,%xmm6{z}
                       42 00 00 00 
    libdis_test+0x6cc: 62 f1 f5 a8 57 d0  vxorpd %ymm0,%ymm1,%ymm2{z}
    libdis_test+0x6d2: 62 f1 e5 a8 57 23  vxorpd (%rbx),%ymm3,%ymm4{z}
    libdis_test+0x6d8: 62 f1 d5 a8 57 b2  vxorpd 0x42(%rdx),%ymm5,%ymm6{z}
                       42 00 00 00 
    libdis_test+0x6e2: 62 f1 f5 48 57 d0  vxorpd %zmm0,%zmm1,%zmm2
    libdis_test+0x6e8: 62 f1 e5 48 57 23  vxorpd (%rbx),%zmm3,%zmm4
    libdis_test+0x6ee: 62 f1 d5 48 57 b2  vxorpd 0x42(%rdx),%zmm5,%zmm6
                       42 00 00 00 
    libdis_test+0x6f8: 62 f1 74 88 57 d0  vxorps %xmm0,%xmm1,%xmm2{z}
    libdis_test+0x6fe: 62 f1 64 88 57 20  vxorps (%rax),%xmm3,%xmm4{z}
    libdis_test+0x704: 62 f1 54 88 57 b1  vxorps 0x42(%rcx),%xmm5,%xmm6{z}
                       42 00 00 00 
    libdis_test+0x70e: 62 f1 74 a8 57 d0  vxorps %ymm0,%ymm1,%ymm2{z}
    libdis_test+0x714: 62 f1 64 a8 57 23  vxorps (%rbx),%ymm3,%ymm4{z}
    libdis_test+0x71a: 62 f1 54 a8 57 b2  vxorps 0x42(%rdx),%ymm5,%ymm6{z}
                       42 00 00 00 
    libdis_test+0x724: 62 f1 74 48 57 d0  vxorps %zmm0,%zmm1,%zmm2
    libdis_test+0x72a: 62 f1 64 48 57 23  vxorps (%rbx),%zmm3,%zmm4
    libdis_test+0x730: 62 f1 54 48 57 b2  vxorps 0x42(%rdx),%zmm5,%zmm6
                       42 00 00 00 
