    libdis_test:      c4 e2 71 99 d0     vfmadd132ss %xmm0,%xmm1,%xmm2
    libdis_test+0x5:  c4 e2 71 99 10     vfmadd132ss (%rax),%xmm1,%xmm2
    libdis_test+0xa:  c4 e2 71 a9 d0     vfmadd213ss %xmm0,%xmm1,%xmm2
    libdis_test+0xf:  c4 e2 71 a9 10     vfmadd213ss (%rax),%xmm1,%xmm2
    libdis_test+0x14: c4 e2 71 b9 d0     vfmadd231ss %xmm0,%xmm1,%xmm2
    libdis_test+0x19: c4 e2 71 b9 10     vfmadd231ss (%rax),%xmm1,%xmm2
    libdis_test+0x1e: c4 e2 71 9b d0     vfmsub132ss %xmm0,%xmm1,%xmm2
    libdis_test+0x23: c4 e2 71 9b 10     vfmsub132ss (%rax),%xmm1,%xmm2
    libdis_test+0x28: c4 e2 71 ab d0     vfmsub213ss %xmm0,%xmm1,%xmm2
    libdis_test+0x2d: c4 e2 71 ab 10     vfmsub213ss (%rax),%xmm1,%xmm2
    libdis_test+0x32: c4 e2 71 bb d0     vfmsub231ss %xmm0,%xmm1,%xmm2
    libdis_test+0x37: c4 e2 71 bb 10     vfmsub231ss (%rax),%xmm1,%xmm2
    libdis_test+0x3c: c4 e2 71 9d d0     vfnmadd132ss %xmm0,%xmm1,%xmm2
    libdis_test+0x41: c4 e2 71 9d 10     vfnmadd132ss (%rax),%xmm1,%xmm2
    libdis_test+0x46: c4 e2 71 ad d0     vfnmadd213ss %xmm0,%xmm1,%xmm2
    libdis_test+0x4b: c4 e2 71 ad 10     vfnmadd213ss (%rax),%xmm1,%xmm2
    libdis_test+0x50: c4 e2 71 bd d0     vfnmadd231ss %xmm0,%xmm1,%xmm2
    libdis_test+0x55: c4 e2 71 bd 10     vfnmadd231ss (%rax),%xmm1,%xmm2
    libdis_test+0x5a: c4 e2 71 9f d0     vfnmsub132ss %xmm0,%xmm1,%xmm2
    libdis_test+0x5f: c4 e2 71 9f 10     vfnmsub132ss (%rax),%xmm1,%xmm2
    libdis_test+0x64: c4 e2 71 af d0     vfnmsub213ss %xmm0,%xmm1,%xmm2
    libdis_test+0x69: c4 e2 71 af 10     vfnmsub213ss (%rax),%xmm1,%xmm2
    libdis_test+0x6e: c4 e2 71 bf d0     vfnmsub231ss %xmm0,%xmm1,%xmm2
    libdis_test+0x73: c4 e2 71 bf 10     vfnmsub231ss (%rax),%xmm1,%xmm2
