    libdis_test:       c4 e2 f1 98 d0     vfmadd132pd %xmm0,%xmm1,%xmm2
    libdis_test+0x5:   c4 e2 f1 98 10     vfmadd132pd (%rax),%xmm1,%xmm2
    libdis_test+0xa:   c4 e2 f5 98 d0     vfmadd132pd %ymm0,%ymm1,%ymm2
    libdis_test+0xf:   c4 e2 f5 98 10     vfmadd132pd (%rax),%ymm1,%ymm2
    libdis_test+0x14:  c4 e2 f1 a8 d0     vfmadd213pd %xmm0,%xmm1,%xmm2
    libdis_test+0x19:  c4 e2 f1 a8 10     vfmadd213pd (%rax),%xmm1,%xmm2
    libdis_test+0x1e:  c4 e2 f5 a8 d0     vfmadd213pd %ymm0,%ymm1,%ymm2
    libdis_test+0x23:  c4 e2 f5 a8 10     vfmadd213pd (%rax),%ymm1,%ymm2
    libdis_test+0x28:  c4 e2 f1 b8 d0     vfmadd231pd %xmm0,%xmm1,%xmm2
    libdis_test+0x2d:  c4 e2 f1 b8 10     vfmadd231pd (%rax),%xmm1,%xmm2
    libdis_test+0x32:  c4 e2 f5 b8 d0     vfmadd231pd %ymm0,%ymm1,%ymm2
    libdis_test+0x37:  c4 e2 f5 b8 10     vfmadd231pd (%rax),%ymm1,%ymm2
    libdis_test+0x3c:  c4 e2 f1 96 d0     vfmaddsub132pd %xmm0,%xmm1,%xmm2
    libdis_test+0x41:  c4 e2 f1 96 10     vfmaddsub132pd (%rax),%xmm1,%xmm2
    libdis_test+0x46:  c4 e2 f5 96 d0     vfmaddsub132pd %ymm0,%ymm1,%ymm2
    libdis_test+0x4b:  c4 e2 f5 96 10     vfmaddsub132pd (%rax),%ymm1,%ymm2
    libdis_test+0x50:  c4 e2 f1 a6 d0     vfmaddsub213pd %xmm0,%xmm1,%xmm2
    libdis_test+0x55:  c4 e2 f1 a6 10     vfmaddsub213pd (%rax),%xmm1,%xmm2
    libdis_test+0x5a:  c4 e2 f5 a6 d0     vfmaddsub213pd %ymm0,%ymm1,%ymm2
    libdis_test+0x5f:  c4 e2 f5 a6 10     vfmaddsub213pd (%rax),%ymm1,%ymm2
    libdis_test+0x64:  c4 e2 f1 b6 d0     vfmaddsub231pd %xmm0,%xmm1,%xmm2
    libdis_test+0x69:  c4 e2 f1 b6 10     vfmaddsub231pd (%rax),%xmm1,%xmm2
    libdis_test+0x6e:  c4 e2 f5 b6 d0     vfmaddsub231pd %ymm0,%ymm1,%ymm2
    libdis_test+0x73:  c4 e2 f5 b6 10     vfmaddsub231pd (%rax),%ymm1,%ymm2
    libdis_test+0x78:  c4 e2 f1 9a d0     vfmsub132pd %xmm0,%xmm1,%xmm2
    libdis_test+0x7d:  c4 e2 f1 9a 10     vfmsub132pd (%rax),%xmm1,%xmm2
    libdis_test+0x82:  c4 e2 f5 9a d0     vfmsub132pd %ymm0,%ymm1,%ymm2
    libdis_test+0x87:  c4 e2 f5 9a 10     vfmsub132pd (%rax),%ymm1,%ymm2
    libdis_test+0x8c:  c4 e2 f1 aa d0     vfmsub213pd %xmm0,%xmm1,%xmm2
    libdis_test+0x91:  c4 e2 f1 aa 10     vfmsub213pd (%rax),%xmm1,%xmm2
    libdis_test+0x96:  c4 e2 f5 aa d0     vfmsub213pd %ymm0,%ymm1,%ymm2
    libdis_test+0x9b:  c4 e2 f5 aa 10     vfmsub213pd (%rax),%ymm1,%ymm2
    libdis_test+0xa0:  c4 e2 f1 ba d0     vfmsub231pd %xmm0,%xmm1,%xmm2
    libdis_test+0xa5:  c4 e2 f1 ba 10     vfmsub231pd (%rax),%xmm1,%xmm2
    libdis_test+0xaa:  c4 e2 f5 ba d0     vfmsub231pd %ymm0,%ymm1,%ymm2
    libdis_test+0xaf:  c4 e2 f5 ba 10     vfmsub231pd (%rax),%ymm1,%ymm2
    libdis_test+0xb4:  c4 e2 f1 97 d0     vfmsubadd132pd %xmm0,%xmm1,%xmm2
    libdis_test+0xb9:  c4 e2 f1 97 10     vfmsubadd132pd (%rax),%xmm1,%xmm2
    libdis_test+0xbe:  c4 e2 f5 97 d0     vfmsubadd132pd %ymm0,%ymm1,%ymm2
    libdis_test+0xc3:  c4 e2 f5 97 10     vfmsubadd132pd (%rax),%ymm1,%ymm2
    libdis_test+0xc8:  c4 e2 f1 a7 d0     vfmsubadd213pd %xmm0,%xmm1,%xmm2
    libdis_test+0xcd:  c4 e2 f1 a7 10     vfmsubadd213pd (%rax),%xmm1,%xmm2
    libdis_test+0xd2:  c4 e2 f5 a7 d0     vfmsubadd213pd %ymm0,%ymm1,%ymm2
    libdis_test+0xd7:  c4 e2 f5 a7 10     vfmsubadd213pd (%rax),%ymm1,%ymm2
    libdis_test+0xdc:  c4 e2 f1 b7 d0     vfmsubadd231pd %xmm0,%xmm1,%xmm2
    libdis_test+0xe1:  c4 e2 f1 b7 10     vfmsubadd231pd (%rax),%xmm1,%xmm2
    libdis_test+0xe6:  c4 e2 f5 b7 d0     vfmsubadd231pd %ymm0,%ymm1,%ymm2
    libdis_test+0xeb:  c4 e2 f5 b7 10     vfmsubadd231pd (%rax),%ymm1,%ymm2
    libdis_test+0xf0:  c4 e2 f1 9c d0     vfnmadd132pd %xmm0,%xmm1,%xmm2
    libdis_test+0xf5:  c4 e2 f1 9c 10     vfnmadd132pd (%rax),%xmm1,%xmm2
    libdis_test+0xfa:  c4 e2 f5 9c d0     vfnmadd132pd %ymm0,%ymm1,%ymm2
    libdis_test+0xff:  c4 e2 f5 9c 10     vfnmadd132pd (%rax),%ymm1,%ymm2
    libdis_test+0x104: c4 e2 f1 ac d0     vfnmadd213pd %xmm0,%xmm1,%xmm2
    libdis_test+0x109: c4 e2 f1 ac 10     vfnmadd213pd (%rax),%xmm1,%xmm2
    libdis_test+0x10e: c4 e2 f5 ac d0     vfnmadd213pd %ymm0,%ymm1,%ymm2
    libdis_test+0x113: c4 e2 f5 ac 10     vfnmadd213pd (%rax),%ymm1,%ymm2
    libdis_test+0x118: c4 e2 f1 bc d0     vfnmadd231pd %xmm0,%xmm1,%xmm2
    libdis_test+0x11d: c4 e2 f1 bc 10     vfnmadd231pd (%rax),%xmm1,%xmm2
    libdis_test+0x122: c4 e2 f5 bc d0     vfnmadd231pd %ymm0,%ymm1,%ymm2
    libdis_test+0x127: c4 e2 f5 bc 10     vfnmadd231pd (%rax),%ymm1,%ymm2
    libdis_test+0x12c: c4 e2 f1 9e d0     vfnmsub132pd %xmm0,%xmm1,%xmm2
    libdis_test+0x131: c4 e2 f1 9e 10     vfnmsub132pd (%rax),%xmm1,%xmm2
    libdis_test+0x136: c4 e2 f5 9e d0     vfnmsub132pd %ymm0,%ymm1,%ymm2
    libdis_test+0x13b: c4 e2 f5 9e 10     vfnmsub132pd (%rax),%ymm1,%ymm2
    libdis_test+0x140: c4 e2 f1 ae d0     vfnmsub213pd %xmm0,%xmm1,%xmm2
    libdis_test+0x145: c4 e2 f1 ae 10     vfnmsub213pd (%rax),%xmm1,%xmm2
    libdis_test+0x14a: c4 e2 f5 ae d0     vfnmsub213pd %ymm0,%ymm1,%ymm2
    libdis_test+0x14f: c4 e2 f5 ae 10     vfnmsub213pd (%rax),%ymm1,%ymm2
    libdis_test+0x154: c4 e2 f1 be d0     vfnmsub231pd %xmm0,%xmm1,%xmm2
    libdis_test+0x159: c4 e2 f1 be 10     vfnmsub231pd (%rax),%xmm1,%xmm2
    libdis_test+0x15e: c4 e2 f5 be d0     vfnmsub231pd %ymm0,%ymm1,%ymm2
    libdis_test+0x163: c4 e2 f5 be 10     vfnmsub231pd (%rax),%ymm1,%ymm2
