    libdis_test:      66 f3 0f bd d8     lzcntw %ax,%bx
    libdis_test+0x5:  66 f3 0f bd 18     lzcntw (%rax),%bx
    libdis_test+0xa:  f3 0f bd d8        lzcntl %eax,%ebx
    libdis_test+0xe:  f3 0f bd 18        lzcntl (%rax),%ebx
    libdis_test+0x12: f3 48 0f bd d8     lzcntq %rax,%rbx
    libdis_test+0x17: f3 48 0f bd 18     lzcntq (%rax),%rbx
