    libdis_test:      82 64              c.ldsp s1,0x0(sp)
    libdis_test+0x2:  06 67              c.ldsp a4,0x40(sp)
    libdis_test+0x4:  62 7e              c.ldsp t3,0x38(sp)
    libdis_test+0x6:  82 24              c.fldsp fs1,0x0(sp)
    libdis_test+0x8:  06 2e              c.fldsp ft8,0x40(sp)
    libdis_test+0xa:  e2 37              c.fldsp fa5,0x38(sp)
    libdis_test+0xc:  76 e0              c.sdsp t4,0x0(sp)
    libdis_test+0xe:  12 f0              c.sdsp tp,0x20(sp)
    libdis_test+0x10: 0a a0              c.fsdsp ft2,0x0(sp)
    libdis_test+0x12: 36 b0              c.fsdsp fa3,0x20(sp)
