    libdis_test:      82 44              c.lwsp s1,0x0(sp)
    libdis_test+0x2:  06 47              c.lwsp a4,0x40(sp)
    libdis_test+0x4:  52 5e              c.lwsp t3,0x34(sp)
    libdis_test+0x6:  76 c0              c.swsp t4,0x0(sp)
    libdis_test+0x8:  12 d0              c.swsp tp,0x20(sp)
    libdis_test+0xa:  04 41              c.lw s1,0x0(a0)
    libdis_test+0xc:  b0 42              c.lw a2,0x40(a3)
    libdis_test+0xe:  04 21              c.fld fs1,0x0(a0)
    libdis_test+0x10: b4 22              c.fld fa3,0x40(a3)
