Unknown or Unspecified
GBIC
Module/connector soldered to motherboard
SFP/SFP+/SFP28
300 pin XBI
XENPAK
XFP
XFF
XFP-E
XPAK
X2
DWDM-SFP/SFP+ (not using SFF-8472)
QSFP
QSFP+ or later
CXP or later
Shielded Mini Multilane HD 4X
Shielded Mini Multilane HD 8X
QSFP28 or later
CXP2 (aka CXP28) or later
CDFP (Style 1/Style2)
Shielded Mini Multilane HD 4X Fanout Cable
Shielded Mini Multilane HD 8X Fanout Cable
CDFP (Style 3)
microQSFP
Reserved
Reserved
Reserved
Reserved
Reserved
Reserved
Reserved
Reserved
Reserved
Reserved
Reserved
Reserved
Reserved
Reserved
Reserved
Reserved
Reserved
Reserved
Reserved
Reserved
Reserved
Reserved
Reserved
Reserved
Reserved
Reserved
Reserved
Reserved
Reserved
Reserved
Reserved
Reserved
Reserved
Reserved
Reserved
Reserved
Reserved
Reserved
Reserved
Reserved
Reserved
Reserved
Reserved
Reserved
Reserved
Reserved
Reserved
Reserved
Reserved
Reserved
Reserved
Reserved
Reserved
Reserved
Reserved
Reserved
Reserved
Reserved
Reserved
Reserved
Reserved
Reserved
Reserved
Reserved
Reserved
Reserved
Reserved
Reserved
Reserved
Reserved
Reserved
Reserved
Reserved
Reserved
Reserved
Reserved
Reserved
Reserved
Reserved
Reserved
Reserved
Reserved
Reserved
Reserved
Reserved
Reserved
Reserved
Reserved
Reserved
Reserved
Reserved
Reserved
Reserved
Reserved
Reserved
Reserved
Reserved
Reserved
Reserved
Reserved
Reserved
Reserved
Reserved
Reserved
Vendor Specific
Vendor Specific
Vendor Specific
Vendor Specific
Vendor Specific
Vendor Specific
Vendor Specific
Vendor Specific
Vendor Specific
Vendor Specific
Vendor Specific
Vendor Specific
Vendor Specific
Vendor Specific
Vendor Specific
Vendor Specific
Vendor Specific
Vendor Specific
Vendor Specific
Vendor Specific
Vendor Specific
Vendor Specific
Vendor Specific
Vendor Specific
Vendor Specific
Vendor Specific
Vendor Specific
Vendor Specific
Vendor Specific
Vendor Specific
Vendor Specific
Vendor Specific
Vendor Specific
Vendor Specific
Vendor Specific
Vendor Specific
Vendor Specific
Vendor Specific
Vendor Specific
Vendor Specific
Vendor Specific
Vendor Specific
Vendor Specific
Vendor Specific
Vendor Specific
Vendor Specific
Vendor Specific
Vendor Specific
Vendor Specific
Vendor Specific
Vendor Specific
Vendor Specific
Vendor Specific
Vendor Specific
Vendor Specific
Vendor Specific
Vendor Specific
Vendor Specific
Vendor Specific
Vendor Specific
Vendor Specific
Vendor Specific
Vendor Specific
Vendor Specific
Vendor Specific
Vendor Specific
Vendor Specific
Vendor Specific
Vendor Specific
Vendor Specific
Vendor Specific
Vendor Specific
Vendor Specific
Vendor Specific
Vendor Specific
Vendor Specific
Vendor Specific
Vendor Specific
Vendor Specific
Vendor Specific
Vendor Specific
Vendor Specific
Vendor Specific
Vendor Specific
Vendor Specific
Vendor Specific
Vendor Specific
Vendor Specific
Vendor Specific
Vendor Specific
Vendor Specific
Vendor Specific
Vendor Specific
Vendor Specific
Vendor Specific
Vendor Specific
Vendor Specific
Vendor Specific
Vendor Specific
Vendor Specific
Vendor Specific
Vendor Specific
Vendor Specific
Vendor Specific
Vendor Specific
Vendor Specific
Vendor Specific
Vendor Specific
Vendor Specific
Vendor Specific
Vendor Specific
Vendor Specific
Vendor Specific
Vendor Specific
Vendor Specific
Vendor Specific
Vendor Specific
Vendor Specific
Vendor Specific
Vendor Specific
Vendor Specific
Vendor Specific
Vendor Specific
Vendor Specific
Vendor Specific
Vendor Specific
Vendor Specific
