Laser Wavelength: 4660 nm


QSFP

Cable Attenuation at 2.5 GHz: 66 dB
Cable Attenuation at 5.0 GHz: 67 dB
Cable Attenuation at 7.0 GHz: 68 dB
Cable Attenuation at 12.9 GHz: 69 dB
Laser Wavelength: 233.000 nm
Wavelength Tolerance: 1106.800 nm
